BARBAC_BUILD_ID=barbac-2026-09-08-bounded-indels-v13
Reading: input.csv
========================================
barbac: Abundance-ranked centroid clustering
  Implementation   : C++ (optimized)
  K-mer filter     : ON
  Method           : lv
  Distance         : 3
  kmer_size        : 5
  min_shared_kmers : 2
  merge_ratio      : 20 (distance-aware)
  error_rate       : 0.005
  Sequences        : 148,677
  Mean length      : 30.2 bp
  Top sequence     : CACTCGAAGACCCCCCCCCCCATACACTAC (count: 19,081)
Running...
  Build ID          : barbac-2026-09-08-bounded-indels-v13
  Assignment        : likelihood best-parent + distance-aware merge guard
  Method            : Levenshtein
  Index             : exact information-balanced LV partitions
  Error rate        : 0.005
  Indel model       : repeated-indel Poisson consistency
  Merge rules (base_ratio=20):
    d=1 : floor=10, effective_ratio=20
    d=2 : floor=5, effective_ratio=60
    d=3 : floor=2, effective_ratio=100
Pass 1: abundance-ranked centroid assignment | n=148677 | d=3 | filter=ON
  [67%] 100000/148677 clusters=1014 no_cand=0 lv_dp=195811 lv_fast=36755 lv_seed_q=29254 lv_long_q=99999 blocked[d1=13/d2=0/d3=0] 930830 seq/s ETA=0m0s
  [100%] done in 0m0s clusters=1913 no_cand=0 avg_cand=7.02094 lv_dp=463843 lv_comp_reject=530982 lv_fast=49028 lv_seed_q=68473 lv_seed_cand=930391 lv_long_q=148676 lv_long_cand=113462 indel_guard_passes=355 promoted=128 reassigned=1205 post_promote_absorb=0 ham_reject=0 blocked[d1=13/d2=0/d3=0] total=13 608505 seq/s
✓ Done in 0.4s (0 min)
  Clusters found   : 1,913
  Compression      : 77.72:1
  Rate             : 405,152 seq/s
  Build ID         : barbac-2026-09-08-bounded-indels-v13
  Blocked at d=1  : 13
========================================

BARBAC_ALGO_SECONDS=2.727000
