BARBAC_BUILD_ID=barbac-2026-09-08-bounded-indels-v13
Reading: input.csv
========================================
barbac: Abundance-ranked centroid clustering
  Implementation   : C++ (optimized)
  K-mer filter     : ON
  Method           : lv
  Distance         : 3
  kmer_size        : 5
  min_shared_kmers : 2
  merge_ratio      : 20 (distance-aware)
  error_rate       : 0.005
  Sequences        : 1,544,850
  Mean length      : 20 bp
  Top sequence     : TTGTCGCAAACGGGAAGTAC (count: 290,650)
Running...
  Build ID          : barbac-2026-09-08-bounded-indels-v13
  Assignment        : likelihood best-parent + distance-aware merge guard
  Method            : Levenshtein
  Index             : exact information-balanced LV partitions
  Error rate        : 0.005
  Indel model       : off
  Merge rules (base_ratio=20):
    d=1 : floor=10, effective_ratio=20
    d=2 : floor=5, effective_ratio=60
    d=3 : floor=2, effective_ratio=100
Pass 1: abundance-ranked centroid assignment | n=1544850 | d=3 | filter=ON
  [6%] 100000/1544850 clusters=97425 no_cand=0 lv_dp=47989393 lv_fast=2571 lv_seed_q=97430 lv_long_q=99999 blocked[d1=2/d2=11/d3=280] 8798 seq/s ETA=2m44s
  [12%] 200000/1544850 clusters=98744 no_cand=0 lv_dp=49426498 lv_fast=101311 lv_seed_q=111035 lv_long_q=199999 blocked[d1=2/d2=11/d3=287] 16885 seq/s ETA=1m19s
  [19%] 300000/1544850 clusters=98916 no_cand=0 lv_dp=49652075 lv_fast=201150 lv_seed_q=135653 lv_long_q=299999 blocked[d1=2/d2=11/d3=287] 25004 seq/s ETA=0m49s
  [25%] 400000/1544850 clusters=99099 no_cand=0 lv_dp=49891603 lv_fast=300968 lv_seed_q=160327 lv_long_q=399999 blocked[d1=2/d2=11/d3=288] 32903 seq/s ETA=0m34s
  [32%] 500000/1544850 clusters=99162 no_cand=0 lv_dp=53380600 lv_fast=403328 lv_seed_q=209546 lv_long_q=499999 blocked[d1=2/d2=11/d3=288] 38266 seq/s ETA=0m27s
  [38%] 600000/1544850 clusters=99210 no_cand=0 lv_dp=57826318 lv_fast=506173 lv_seed_q=263300 lv_long_q=599999 blocked[d1=2/d2=11/d3=288] 42313 seq/s ETA=0m22s
  [45%] 700000/1544850 clusters=99252 no_cand=0 lv_dp=61995837 lv_fast=608907 lv_seed_q=317679 lv_long_q=699999 blocked[d1=2/d2=11/d3=288] 45906 seq/s ETA=0m18s
  [51%] 800000/1544850 clusters=99290 no_cand=0 lv_dp=66184985 lv_fast=711633 lv_seed_q=370974 lv_long_q=799999 blocked[d1=2/d2=11/d3=288] 48986 seq/s ETA=0m15s
  [58%] 900000/1544850 clusters=99332 no_cand=0 lv_dp=70228915 lv_fast=814243 lv_seed_q=425629 lv_long_q=899999 blocked[d1=2/d2=11/d3=288] 51862 seq/s ETA=0m12s
  [64%] 1000000/1544850 clusters=99366 no_cand=0 lv_dp=74505776 lv_fast=916958 lv_seed_q=478993 lv_long_q=999999 blocked[d1=2/d2=11/d3=288] 54227 seq/s ETA=0m10s
  [71%] 1100000/1544850 clusters=99422 no_cand=0 lv_dp=78732789 lv_fast=1019740 lv_seed_q=532763 lv_long_q=1099999 blocked[d1=2/d2=11/d3=288] 56320 seq/s ETA=0m7s
  [77%] 1200000/1544850 clusters=99465 no_cand=0 lv_dp=82765920 lv_fast=1122390 lv_seed_q=585879 lv_long_q=1199999 blocked[d1=2/d2=11/d3=288] 58256 seq/s ETA=0m5s
  [84%] 1300000/1544850 clusters=99510 no_cand=0 lv_dp=87069244 lv_fast=1225064 lv_seed_q=640375 lv_long_q=1299999 blocked[d1=2/d2=11/d3=288] 59886 seq/s ETA=0m4s
  [90%] 1400000/1544850 clusters=99555 no_cand=0 lv_dp=91248295 lv_fast=1327781 lv_seed_q=694648 lv_long_q=1399999 blocked[d1=2/d2=11/d3=288] 61457 seq/s ETA=0m2s
  [97%] 1500000/1544850 clusters=99598 no_cand=0 lv_dp=95417288 lv_fast=1430426 lv_seed_q=749008 lv_long_q=1499999 blocked[d1=2/d2=11/d3=288] 62871 seq/s ETA=0m0s
  [100%] done in 0m24s clusters=99614 no_cand=0 avg_cand=133.551 lv_dp=97428129 lv_comp_reject=107411412 lv_fast=1476699 lv_seed_q=774637 lv_seed_cand=204340531 lv_long_q=1544849 lv_long_cand=1975709 indel_guard_passes=0 promoted=0 reassigned=0 post_promote_absorb=0 ham_reject=0 blocked[d1=2/d2=11/d3=288] total=301 63133 seq/s
✓ Done in 25.7s (0.4 min)
  Clusters found   : 99,614
  Compression      : 15.51:1
  Rate             : 60,054 seq/s
  Build ID         : barbac-2026-09-08-bounded-indels-v13
  Blocked at d=1  : 2
  Blocked at d=2  : 11
  Blocked at d=3  : 288
========================================

BARBAC_ALGO_SECONDS=27.852000
