BARBAC_BUILD_ID=barbac-2026-09-08-bounded-indels-v13
Reading: input.csv
========================================
barbac: Abundance-ranked centroid clustering
  Implementation   : C++ (optimized)
  K-mer filter     : ON
  Method           : lv
  Distance         : 3
  kmer_size        : 5
  min_shared_kmers : 2
  merge_ratio      : 20 (distance-aware)
  error_rate       : 0.005
  Sequences        : 1,544,850
  Mean length      : 20 bp
  Top sequence     : TTGTCGCAAACGGGAAGTAC (count: 290,650)
Running...
  Build ID          : barbac-2026-09-08-bounded-indels-v13
  Assignment        : likelihood best-parent + distance-aware merge guard
  Method            : Levenshtein
  Index             : exact information-balanced LV partitions
  Error rate        : 0.005
  Indel model       : repeated-indel Poisson consistency
  Merge rules (base_ratio=20):
    d=1 : floor=10, effective_ratio=20
    d=2 : floor=5, effective_ratio=60
    d=3 : floor=2, effective_ratio=100
Pass 1: abundance-ranked centroid assignment | n=1544850 | d=3 | filter=ON
  [6%] 100000/1544850 clusters=97355 no_cand=0 lv_dp=47921490 lv_fast=2634 lv_seed_q=97360 lv_long_q=99999 blocked[d1=0/d2=10/d3=280] 8697 seq/s ETA=2m46s
  [12%] 200000/1544850 clusters=98686 no_cand=0 lv_dp=49363850 lv_fast=101306 lv_seed_q=105539 lv_long_q=199999 blocked[d1=0/d2=11/d3=287] 16686 seq/s ETA=1m20s
  [19%] 300000/1544850 clusters=98748 no_cand=0 lv_dp=49528690 lv_fast=201308 lv_seed_q=121850 lv_long_q=299999 blocked[d1=0/d2=11/d3=287] 24760 seq/s ETA=0m50s
  [25%] 400000/1544850 clusters=99057 no_cand=0 lv_dp=49927672 lv_fast=301041 lv_seed_q=157678 lv_long_q=399999 blocked[d1=0/d2=11/d3=287] 32403 seq/s ETA=0m35s
  [32%] 500000/1544850 clusters=99126 no_cand=0 lv_dp=53199089 lv_fast=403257 lv_seed_q=188013 lv_long_q=499999 blocked[d1=0/d2=11/d3=288] 37785 seq/s ETA=0m27s
  [38%] 600000/1544850 clusters=99138 no_cand=0 lv_dp=57302951 lv_fast=506470 lv_seed_q=230355 lv_long_q=599999 blocked[d1=0/d2=11/d3=288] 41908 seq/s ETA=0m22s
  [45%] 700000/1544850 clusters=99153 no_cand=0 lv_dp=61300283 lv_fast=609514 lv_seed_q=274257 lv_long_q=699999 blocked[d1=0/d2=11/d3=288] 45603 seq/s ETA=0m18s
  [51%] 800000/1544850 clusters=99167 no_cand=0 lv_dp=65342989 lv_fast=712570 lv_seed_q=317499 lv_long_q=799999 blocked[d1=0/d2=11/d3=288] 48748 seq/s ETA=0m15s
  [58%] 900000/1544850 clusters=99178 no_cand=0 lv_dp=69384620 lv_fast=815586 lv_seed_q=361656 lv_long_q=899999 blocked[d1=0/d2=11/d3=288] 51336 seq/s ETA=0m12s
  [64%] 1000000/1544850 clusters=99242 no_cand=0 lv_dp=73696344 lv_fast=918266 lv_seed_q=422901 lv_long_q=999999 blocked[d1=0/d2=11/d3=288] 53509 seq/s ETA=0m10s
  [71%] 1100000/1544850 clusters=99308 no_cand=0 lv_dp=78083283 lv_fast=1020809 lv_seed_q=487367 lv_long_q=1099999 blocked[d1=0/d2=11/d3=288] 55420 seq/s ETA=0m8s
  [77%] 1200000/1544850 clusters=99373 no_cand=0 lv_dp=82450582 lv_fast=1123258 lv_seed_q=552189 lv_long_q=1199999 blocked[d1=0/d2=11/d3=288] 57204 seq/s ETA=0m6s
  [84%] 1300000/1544850 clusters=99446 no_cand=0 lv_dp=86821549 lv_fast=1225776 lv_seed_q=615947 lv_long_q=1299999 blocked[d1=0/d2=11/d3=288] 58752 seq/s ETA=0m4s
  [90%] 1400000/1544850 clusters=99512 no_cand=0 lv_dp=91090490 lv_fast=1328248 lv_seed_q=680229 lv_long_q=1399999 blocked[d1=0/d2=11/d3=288] 60240 seq/s ETA=0m2s
  [97%] 1500000/1544850 clusters=99586 no_cand=0 lv_dp=95490470 lv_fast=1430702 lv_seed_q=745087 lv_long_q=1499999 blocked[d1=0/d2=11/d3=288] 61499 seq/s ETA=0m0s
  [100%] done in 0m24s clusters=99612 no_cand=0 avg_cand=133.504 lv_dp=97393407 lv_comp_reject=107373661 lv_fast=1476692 lv_seed_q=774635 lv_seed_cand=204268734 lv_long_q=1544849 lv_long_cand=1975026 indel_guard_passes=2 promoted=0 reassigned=0 post_promote_absorb=0 ham_reject=0 blocked[d1=0/d2=11/d3=288] total=299 61877 seq/s
✓ Done in 26.3s (0.4 min)
  Clusters found   : 99,612
  Compression      : 15.51:1
  Rate             : 58,661 seq/s
  Build ID         : barbac-2026-09-08-bounded-indels-v13
  Blocked at d=2  : 11
  Blocked at d=3  : 288
========================================

BARBAC_ALGO_SECONDS=38.980000
